// Jest Snapshot v1, https://goo.gl/fbAQLP

exports[`With Snapshot Testing Rendering Search 1`] = `
.c0 {
  border: 1px solid var(--border-color);
  border-radius: var(--border-radius);
}

<form
  className=""
  onSubmit={[Function]}
>
  <input
    className="c0"
    name="search"
    onChange={[Function]}
    value=""
  />
</form>
`;
